UNSAT  edge-camera — these cannot hold together:

  BR2_PACKAGE_LIBCAMERA = y
      stated by feature:camera at ../fragments/features/camera.sx:10
  BR2_STATIC_LIBS = y
      stated by profile:minimal at ../fragments/profiles/minimal.sx:25

  2 of 32 assumptions; the rest are satisfiable without them

Repairs, ranked:
  1. drop feature:camera                          1 change(s)
  2. unset BR2_STATIC_LIBS                        1 change(s)
       BR2_STATIC_LIBS = y  stated by profile:minimal at ../fragments/profiles/minimal.sx:25
